(20:52:44) INFO:    [Legendary]:        Legendary location: /usr/lib/heroic/app.asar.unpacked/build/bin/x64/linux/legendary
(20:52:44) INFO:    [Gog]:              GOGDL location: /usr/lib/heroic/app.asar.unpacked/build/bin/x64/linux/gogdl
(20:52:44) INFO:    [Connection]:       Connectivity: check-online
(20:52:44) INFO:    [Connection]:       Pinging external endpoints
(20:52:44) INFO:    [Gog]:              Checking for existing gog manifests
(20:52:44) WARNING: [Backend]:          Failed to register protocol with OS.
(20:52:44) INFO:    [Legendary]:        Running command: LEGENDARY_CONFIG_PATH=/home/phaedrus/.config/heroic/legendaryConfig/legendary /usr/lib/heroic/app.asar.unpacked/build/bin/x64/linux/legendary --version
(20:52:44) INFO:    [Gog]:              Running command: GOGDL_CONFIG_PATH=/home/phaedrus/.config/heroic/gogdlConfig /usr/lib/heroic/app.asar.unpacked/build/bin/x64/linux/gogdl --auth-config-path /home/phaedrus/.config/heroic/gog_store/auth.json --version
(20:52:44) INFO:    [Nile]:             Running command: NILE_CONFIG_PATH=/home/phaedrus/.config/heroic/nile_config /usr/lib/heroic/app.asar.unpacked/build/bin/x64/linux/nile --version
(20:52:44) INFO:    [Backend]:          
System Information:
CPU: 16x 13th Gen Intel(R) Core(TM) i7-13620H
Memory: 67.1 GB (used: 12.83 GB)
GPUs:
  GPU 0:
    Name: NVIDIA Corporation AD106M [GeForce RTX 4070 Max-Q / Mobile]
    IDs: D=2820 V=10de SD=13cb SV=1462
    Driver: nvidia
  GPU 1:
    Name: Intel Corporation Raptor Lake-P [UHD Graphics]
    IDs: D=a7a8 V=8086 SD=13cb SV=1462
    Driver: i915
OS: Arch Linux 6.13.8-arch1-1 (linux)

The current system is not a Steam Deck
We are not running inside a Flatpak container

Software Versions:
  Heroic: 2.16.1 Scopper Gaban
  Legendary: 0.20.36 Urban Flight (Heroic)
  gogdl: 1.1.2
  comet: comet 0.2.0
  Nile: 1.1.2 Will A. Zeppeli

(20:52:44) INFO:    [Backend]:          Frontend Ready
(20:52:44) INFO:    [Connection]:       Connectivity: online
(20:52:44) INFO:    [Backend]:          User Not Found, removing it from Store
(20:52:44) ERROR:   [Gog]:              Unable to syncQueued playtime, userData not present
(20:52:44) INFO:    [Gog]:              Running command: GOGDL_CONFIG_PATH=/home/phaedrus/.config/heroic/gogdlConfig /usr/lib/heroic/app.asar.unpacked/build/bin/x64/linux/gogdl --auth-config-path /home/phaedrus/.config/heroic/gog_store/auth.json auth
(20:52:45) INFO:    [Backend]:          Checking for new Heroic Updates
(20:52:45) INFO:    [Backend]:          Checking for current version changelog
(20:52:45) INFO:    [Backend]:          AreWeAntiCheatYet data downloaded
(20:52:47) INFO:    [Winetricks]:       Downloading Winetricks
(20:52:49) INFO:    [WineDownloader]:   Updating wine versions info
(20:52:49) INFO:    [WineDownloader]:   Fetching upstream information...
(20:52:49) INFO:    [Backend]:          Starting the Download Queue
(20:52:50) INFO:    [WineDownloader]:   wine versions updated
