Fri Aug  1 03:12:51 PM PDT 2025 INFO - loadLangFile - Language from command line is 'english'
Fri Aug  1 03:12:51 PM PDT 2025 INFO - loadLangFile - GLOBALSTLLANGDIR is '/usr/share/steamtinkerlaunch/lang'
Fri Aug  1 03:12:51 PM PDT 2025 INFO - loadLangFile - Command line language 'english' is no file - trying to find its absolute path
Fri Aug  1 03:12:51 PM PDT 2025 INFO - loadLangFile - Loading found system wide /usr/share/steamtinkerlaunch/lang/english.txt
Fri Aug  1 03:12:51 PM PDT 2025 INFO - getCurrentCommandline - No Proton in command line arguments 'update shaders repos'
Fri Aug  1 03:12:51 PM PDT 2025 INFO - saveOrgVars - Storing some original variables to restore them later
Fri Aug  1 03:12:51 PM PDT 2025 INFO - emptyVars - Emptied some original variables as they slowdown several system calls when started from steam
Fri Aug  1 03:12:51 PM PDT 2025 INFO - emptyVars - Set $PATH to '/home/phaedrus/.local/share/../bin:/home/phaedrus/.phpbrew/php/php-php/bin:/home/phaedrus/.phpbrew/bin:/home/phaedrus/.config/composer/vendor/bin:/home/phaedrus/.composer/vendor/bin:/home/phaedrus/.local/bin:/home/phaedrus/.local/share/nvim/mason/bin:/usr/lib/jvm/java-21-graalvm-ee/bin:/home/phaedrus/.rustup/toolchains:/home/phaedrus/.cargo/bin:/home/phaedrus/.pyenv/shims:/home/phaedrus/.pyenv/bin:/home/phaedrus/.opam/squirrel-prover-git/bin:/home/phaedrus/.opam/default/bin:/home/phaedrus/.nix-profile/bin:/home/phaedrus/.config/nvm/versions/node/v24.1.0/bin:/bin:/home/phaedrus/.deno/bin:/home/phaedrus/.bun/bin:/home/phaedrus/.rvm/bin:/home/phaedrus/.gvm/pkgsets/go1.24.2/global/bin:/home/phaedrus/.gvm/gos/go1.24.2/bin:/home/phaedrus/.gvm/pkgsets/go1.24.2/global/overlay/bin:/home/phaedrus/.gvm/bin:/home/phaedrus/.go/bin:/home/phaedrus/.pixi/bin:/home/phaedrus/.modular/bin:/home/phaedrus/.vulkan/1.4.309.0/x86_64/bin:/home/phaedrus/.local/bin:/usr/bin:/usr/local/pythonz/bin:/home/phaedrus/.nix-profile/bin:/nix/var/nix/profiles/default/bin:/opt/docker-makepkg/bin/:/opt/aq/bin:/usr/local/sbin:/usr/local/bin:/opt/aarch64-musl-bleeding-edge/bin:/opt/android-ndk:/opt/android-sdk/cmdline-tools/latest/bin:/opt/android-sdk/platform-tools:/opt/android-sdk/tools:/opt/android-sdk/tools/bin:/opt/muslcc/arm-linux-musleabi-cross/bin/:/opt/muslcc/arm-linux-musleabihf-cross/bin/:/opt/atlassian/plugin-sdk/bin:/opt/cuda/bin:/opt/cuda/nsight_compute:/opt/cuda/nsight_systems/bin:/usr/lib/jvm/default/bin:/opt/nvidia/hpc_sdk/Linux_x86_64/25.5/compilers/bin:/opt/openresty/bin:/opt/openresty/nginx/sbin:/usr/bin/site_perl:/usr/bin/vendor_perl:/usr/bin/core_perl:/opt/plan9/bin:/opt/intelFPGA/24.1/quartus/bin:/opt/intelFPGA/24.1/quartus/sopc_builder/bin:/opt/intelFPGA/24.1/questa_fse/bin:/opt/riscv64-lp64d-musl-bleeding-edge/bin:/opt/rocm/bin:/usr/lib/rustup/bin:/var/lib/snapd/snap/bin:/opt/qai/qompassl/bin:/usr/bin:/home/phaedrus/.local/share/coursier/bin:/home/phaedrus/.perl5/bin::'
Fri Aug  1 03:12:51 PM PDT 2025 START - ######### Initializing Game Launch 31337 using SteamTinkerLaunch v12.12 #########
Fri Aug  1 03:12:51 PM PDT 2025 INFO - main - Starting with a clean log
Fri Aug  1 03:12:51 PM PDT 2025 INFO - main - Start creating default configs
Fri Aug  1 03:12:51 PM PDT 2025 INFO - createDefaultCfgs - START
Fri Aug  1 03:12:51 PM PDT 2025 INFO - loadLanguage - First load the default language 'english' to make sure all variables are filled
Fri Aug  1 03:12:51 PM PDT 2025 INFO - loadLangFile - Language from command line is 'english'
Fri Aug  1 03:12:51 PM PDT 2025 INFO - loadLangFile - GLOBALSTLLANGDIR is '/usr/share/steamtinkerlaunch/lang'
Fri Aug  1 03:12:51 PM PDT 2025 INFO - loadLangFile - Command line language 'english' is no file - trying to find its absolute path
Fri Aug  1 03:12:51 PM PDT 2025 INFO - loadLangFile - Loading found system wide /usr/share/steamtinkerlaunch/lang/english.txt
Fri Aug  1 03:12:51 PM PDT 2025 INFO - loadLanguage - Loading STLLANG from '/home/phaedrus/.config/steamtinkerlaunch/global.conf'
Fri Aug  1 03:12:51 PM PDT 2025 INFO - loadLanguage - STLLANG from '/home/phaedrus/.config/steamtinkerlaunch/global.conf' is 'english'
Fri Aug  1 03:12:51 PM PDT 2025 INFO - createDefaultCfgs - setSteamPaths:
Fri Aug  1 03:12:51 PM PDT 2025 INFO - setSteamPaths - Reading Steam Path variables from '/dev/shm/steamtinkerlaunch/steampaths.txt'
Fri Aug  1 03:12:51 PM PDT 2025 INFO - getGameOS - Starting game OS detection
Fri Aug  1 03:12:51 PM PDT 2025 INFO - getGameOS - STEAM_COMPAT_DATA_PATH is not defined, so this is either a Linux Game or no game was started at all
Fri Aug  1 03:12:51 PM PDT 2025 INFO - listAllSettingsEntries - '/dev/shm/steamtinkerlaunch/setentries.txt' already exists - nothing to do
Fri Aug  1 03:12:51 PM PDT 2025 INFO - createDefaultCfgs - STOP
Fri Aug  1 03:12:51 PM PDT 2025 SKIP - listSteamLibraries - not recreating already available '/dev/shm/steamtinkerlaunch/SteamLibraries.txt'
Fri Aug  1 03:12:51 PM PDT 2025 WARN - setSteamLibraryPaths - Library folder '/home/phaedrus/Games/Steam/steamapps' does not seem to be a valid directory, even though this comes from Steam itself - Ignoring, but please report if this is invalid or causes issues
Fri Aug  1 03:12:51 PM PDT 2025 INFO - setSteamLibraryPaths - STEAM_COMPAT_LIBRARY_PATHS set to '/home/phaedrus/.local/share/Steam/steamapps'
Fri Aug  1 03:12:51 PM PDT 2025 INFO - setSteamLibraryPaths - STEAM_COMPAT_MOUNTS set to '/home/phaedrus/.local/share/Steam/steamapps/common/SteamLinuxRuntime_sniper:/home/phaedrus/.local/share/Steam/steamapps/common/Steamworks Shared:/home/phaedrus/.local/share/Steam/steamapps/common/SteamLinuxRuntime_soldier'
Fri Aug  1 03:12:51 PM PDT 2025 INFO - setSteamLibraryPaths - STEAM_COMPAT_TOOL_PATHS set to '/home/phaedrus/.local/share/Steam/steamapps/common/SteamLinuxRuntime_sniper:/home/phaedrus/.local/share/Steam/steamapps/common/Steamworks Shared:/home/phaedrus/.local/share/Steam/steamapps/common/SteamLinuxRuntime_soldier'
Fri Aug  1 03:12:51 PM PDT 2025 INFO - main - Checking internal dependencies:
Fri Aug  1 03:12:52 PM PDT 2025 INFO - checkIntDeps - Result of version check for yad binary '/usr/bin/yad' is '14.1'
Fri Aug  1 03:12:52 PM PDT 2025 INFO - main - Initializing first Proton:
Fri Aug  1 03:12:52 PM PDT 2025 INFO - initOldProtonArr - Creating an initial array with available Proton versions using the file '/dev/shm/steamtinkerlaunch/ProtonCSV.txt' which was created during a previous run
Fri Aug  1 03:12:52 PM PDT 2025 INFO - initFirstProton - Initializing Proton
Fri Aug  1 03:12:52 PM PDT 2025 INFO - initFirstProton - No Proton version available in template yet - searching for one
Fri Aug  1 03:12:52 PM PDT 2025 INFO - initFirstProton - Updated 'USEPROTON' in '/home/phaedrus/.config/steamtinkerlaunch/default_template.conf' to ''
Fri Aug  1 03:12:52 PM PDT 2025 INFO - initFirstProton - Initial Proton version 'FIRSTUSEPROTON' from '/home/phaedrus/.config/steamtinkerlaunch/default_template.conf' is ''
Fri Aug  1 03:12:52 PM PDT 2025 INFO - main - Initializing default window resolution
Fri Aug  1 03:12:52 PM PDT 2025 INFO - setInitWinXY - Using '1440x900' from config '/dev/shm/steamtinkerlaunch/defres.txt'
Fri Aug  1 03:12:52 PM PDT 2025 INFO - main - Welcome to SteamTinkerLaunch
Fri Aug  1 03:12:52 PM PDT 2025 INFO - removeEmptyFiles - Removing empty files from '/home/phaedrus/.config/steamtinkerlaunch/games/appinfo'
Fri Aug  1 03:12:52 PM PDT 2025 INFO - removeEmptyFiles - Removing empty files from '/home/phaedrus/.config/steamtinkerlaunch/games/header'
Fri Aug  1 03:12:52 PM PDT 2025 INFO - main - Checking command line: incoming arguments 'update shaders repos'
Fri Aug  1 03:12:52 PM PDT 2025 INFO - getAppInfoData - Retrieving data for 'name' from '/home/phaedrus/.config/steamtinkerlaunch/games/appinfo/31337.bin'
Fri Aug  1 03:12:52 PM PDT 2025 INFO - getRes - Detected screen resolution '1920x1200'
Fri Aug  1 03:12:52 PM PDT 2025 INFO - pollWinRes - Using GEOM '--geometry=1440x900+0+0' from '/home/phaedrus/.config/steamtinkerlaunch/guicfgs/1920x1200/31337/SteamTinkerLaunch-ShaderRepoDialog.conf'
Fri Aug  1 03:12:52 PM PDT 2025 INFO - updateWinRes - Starting resolution-poll for '/home/phaedrus/.config/steamtinkerlaunch/guicfgs/1920x1200/31337/SteamTinkerLaunch-ShaderRepoDialog.conf' with incoming '1440x900'
Fri Aug  1 03:12:52 PM PDT 2025 INFO - setShowPic - Determining game picture
Fri Aug  1 03:12:52 PM PDT 2025 INFO - setShowPic - Using '/dev/shm/steamtinkerlaunch/steamtinkerlaunch-steam-checked.png' as fallback picture, because '/home/phaedrus/.config/steamtinkerlaunch/games/header/31337.jpg' doesn't exist
Fri Aug  1 03:12:52 PM PDT 2025 INFO - updateWinRes - Waiting for Window 'SteamTinkerLaunch-ShaderRepoDialog'
Fri Aug  1 03:12:53 PM PDT 2025 INFO - updateWinRes - Waiting for Window 'SteamTinkerLaunch-ShaderRepoDialog'
Fri Aug  1 03:12:54 PM PDT 2025 INFO - updateWinRes - Waiting for Window 'SteamTinkerLaunch-ShaderRepoDialog'
Fri Aug  1 03:12:55 PM PDT 2025 SKIP - updateWinRes - Timeout waiting for Window 'SteamTinkerLaunch-ShaderRepoDialog'
Fri Aug  1 03:12:56 PM PDT 2025 INFO - ShaderRepoDialog - Selected 'SELECT' - Saving Selection
Fri Aug  1 03:13:01 PM PDT 2025 INFO - MainMenu - Clicked '0' - 'EXIT'
Fri Aug  1 03:13:01 PM PDT 2025 INFO - MainMenu - exiting 'Settings Menu' and opening 'Exit'
Fri Aug  1 03:13:01 PM PDT 2025 INFO - closeSTL - closing STL
Fri Aug  1 03:13:01 PM PDT 2025 INFO - updateConfigEntry - Emptying 'CUSTOMCMD' for '/home/phaedrus/.config/steamtinkerlaunch/default_template.conf'
Fri Aug  1 03:13:01 PM PDT 2025 INFO - updateConfigEntry - Option 'CUSTOMCMD' is updated with the new value 'echo' in config 'default_template.conf'
Fri Aug  1 03:13:01 PM PDT 2025 INFO - closeSTL - Creating '/dev/shm/steamtinkerlaunch/steamtinkerlaunch-closing.tmp'
Fri Aug  1 03:13:01 PM PDT 2025 INFO - checkPlayTime - The game was not started via 'steamtinkerlaunch' but directly from Steam - skipping Crash Requester
Fri Aug  1 03:13:01 PM PDT 2025 INFO - closeSTL - Game 'Placeholder (31337)' exited - cleaning up custom processes if necessary
Fri Aug  1 03:13:01 PM PDT 2025 INFO - closeTrayIcon - Closing TrayIcon '2631093'
Fri Aug  1 03:13:02 PM PDT 2025 INFO - closeSTL - Removing '/dev/shm/steamtinkerlaunch/steamtinkerlaunch-closing.tmp'
Fri Aug  1 03:13:02 PM PDT 2025 STOP - ######### closeSTL SteamTinkerLaunch v12.12 #########
Fri Aug  1 03:13:02 PM PDT 2025 INFO - writeLastRun - Recreating /home/phaedrus/.config/steamtinkerlaunch/logs/steamtinkerlaunch/lastrun.txt
Fri Aug  1 03:13:02 PM PDT 2025 INFO - storeMetaData - Saving metadata for game 'Placeholder (31337)'
Fri Aug  1 03:13:02 PM PDT 2025 INFO - updateConfigEntry - 'GAMENAME' option missing in config '31337.conf' - adding a new line
Fri Aug  1 03:13:02 PM PDT 2025 INFO - storeMetaData - '/home/phaedrus/.config/steamtinkerlaunch/meta/eval/id/evaluatorscript_31337.vdf' does not exists
