0 verbose cli /usr/bin/node /home/phaedrus/.local/bin/npm
1 info using npm@11.4.1
2 info using node@v22.19.0
3 silly config load:file:/home/phaedrus/.local/lib/node_modules/npm/npmrc
4 silly config load:file:/home/phaedrus/.local/share/nvim/mason/staging/wing/.npmrc
5 silly config load:file:/home/phaedrus/.npmrc
6 silly config load:file:/etc/npmrc
7 verbose title npm install winglang@0.85.49
8 verbose argv "install" "winglang@0.85.49"
9 verbose logfile logs-max:10 dir:/home/phaedrus/.npm/_logs/2025-09-27T22_15_29_042Z-
10 verbose logfile /home/phaedrus/.npm/_logs/2025-09-27T22_15_29_042Z-debug-0.log
11 silly logfile start cleaning logs, removing 1 files
12 silly packumentCache heap:4345298944 maxSize:1086324736 maxEntrySize:543162368
13 silly logfile done cleaning log files
14 silly idealTree buildDeps
15 silly fetch manifest winglang@0.85.49
16 silly packumentCache full:https://registry.npmjs.org/winglang cache-miss
17 http fetch GET 200 https://registry.npmjs.org/winglang 21802ms (cache miss)
18 silly packumentCache full:https://registry.npmjs.org/winglang set size:undefined disposed:false
19 silly placeDep ROOT winglang@0.85.49 OK for: @mason/wing@1.0.0 want: 0.85.49
20 silly fetch manifest @npmcli/arborist@^7.5.3
21 silly packumentCache full:https://registry.npmjs.org/@npmcli%2farborist cache-miss
22 silly fetch manifest @segment/analytics-node@^1.3.0
23 silly packumentCache full:https://registry.npmjs.org/@segment%2fanalytics-node cache-miss
24 silly fetch manifest @supercharge/promise-pool@^3.2.0
25 silly packumentCache full:https://registry.npmjs.org/@supercharge%2fpromise-pool cache-miss
26 silly fetch manifest @wingconsole/app@0.85.49
27 silly packumentCache full:https://registry.npmjs.org/@wingconsole%2fapp cache-miss
28 silly fetch manifest @wingconsole/server@0.85.49
29 silly packumentCache full:https://registry.npmjs.org/@wingconsole%2fserver cache-miss
30 silly fetch manifest @winglang/compiler@0.85.49
31 silly packumentCache full:https://registry.npmjs.org/@winglang%2fcompiler cache-miss
32 silly fetch manifest @winglang/sdk@0.85.49
33 silly packumentCache full:https://registry.npmjs.org/@winglang%2fsdk cache-miss
34 silly fetch manifest chalk@^4.1.2
35 silly packumentCache full:https://registry.npmjs.org/chalk cache-miss
36 silly fetch manifest codespan-wasm@0.4.0
37 silly packumentCache full:https://registry.npmjs.org/codespan-wasm cache-miss
38 silly fetch manifest commander@^10.0.1
39 silly packumentCache full:https://registry.npmjs.org/commander cache-miss
40 silly fetch manifest compare-versions@^5.0.3
41 silly packumentCache full:https://registry.npmjs.org/compare-versions cache-miss
42 http cache https://registry.npmjs.org/commander 67ms (cache hit)
43 silly packumentCache full:https://registry.npmjs.org/commander set size:342763 disposed:false
44 silly fetch manifest debug@^4.3.5
45 silly packumentCache full:https://registry.npmjs.org/debug cache-miss
46 http fetch GET 200 https://registry.npmjs.org/debug 1104ms (cache revalidated)
47 silly packumentCache full:https://registry.npmjs.org/debug set size:195840 disposed:false
48 silly fetch manifest glob@^10.4.2
49 silly packumentCache full:https://registry.npmjs.org/glob cache-miss
50 http fetch GET 200 https://registry.npmjs.org/glob 79ms (cache revalidated)
51 silly packumentCache full:https://registry.npmjs.org/glob set size:408718 disposed:false
52 silly fetch manifest inquirer@^8.2.6
53 silly packumentCache full:https://registry.npmjs.org/inquirer cache-miss
54 http fetch GET 200 https://registry.npmjs.org/@segment%2fanalytics-node 3174ms (cache miss)
55 silly packumentCache full:https://registry.npmjs.org/@segment%2fanalytics-node set size:undefined disposed:false
56 silly fetch manifest nanoid@^3.3.7
57 silly packumentCache full:https://registry.npmjs.org/nanoid cache-miss
58 http fetch GET 200 https://registry.npmjs.org/chalk 4173ms (cache revalidated)
59 silly packumentCache full:https://registry.npmjs.org/chalk set size:117859 disposed:false
60 silly fetch manifest npm-packlist@^8.0.2
61 silly packumentCache full:https://registry.npmjs.org/npm-packlist cache-miss
62 http fetch GET 200 https://registry.npmjs.org/codespan-wasm 6612ms (cache miss)
63 silly packumentCache full:https://registry.npmjs.org/codespan-wasm set size:undefined disposed:false
64 silly fetch manifest ora@^5.4.1
65 silly packumentCache full:https://registry.npmjs.org/ora cache-miss
66 http fetch GET 200 https://registry.npmjs.org/@supercharge%2fpromise-pool 6861ms (cache miss)
67 silly packumentCache full:https://registry.npmjs.org/@supercharge%2fpromise-pool set size:undefined disposed:false
68 silly fetch manifest tar@^6.2.1
69 silly packumentCache full:https://registry.npmjs.org/tar cache-miss
70 http fetch GET 200 https://registry.npmjs.org/tar 103ms (cache revalidated)
71 silly packumentCache full:https://registry.npmjs.org/tar set size:422015 disposed:false
72 silly fetch manifest tiny-updater@^3.5.2
73 silly packumentCache full:https://registry.npmjs.org/tiny-updater cache-miss
74 http fetch GET 200 https://registry.npmjs.org/tiny-updater 375ms (cache miss)
75 silly packumentCache full:https://registry.npmjs.org/tiny-updater set size:undefined disposed:false
76 silly fetch manifest uuid@^8.3.2
77 silly packumentCache full:https://registry.npmjs.org/uuid cache-miss
78 http fetch GET 200 https://registry.npmjs.org/uuid 95ms (cache revalidated)
79 silly packumentCache full:https://registry.npmjs.org/uuid set size:224608 disposed:false
80 silly fetch manifest vscode-languageserver@^8.1.0
81 silly packumentCache full:https://registry.npmjs.org/vscode-languageserver cache-miss
82 http cache https://registry.npmjs.org/vscode-languageserver 12ms (cache hit)
83 silly packumentCache full:https://registry.npmjs.org/vscode-languageserver set size:706236 disposed:false
84 http fetch GET 200 https://registry.npmjs.org/nanoid 13328ms (cache updated)
85 silly packumentCache full:https://registry.npmjs.org/nanoid set size:undefined disposed:false
86 http fetch GET 200 https://registry.npmjs.org/@npmcli%2farborist 17754ms (cache updated)
87 silly packumentCache full:https://registry.npmjs.org/@npmcli%2farborist set size:undefined disposed:false
88 http fetch GET 200 https://registry.npmjs.org/ora 14510ms (cache updated)
89 silly packumentCache full:https://registry.npmjs.org/ora set size:undefined disposed:false
90 http fetch GET 200 https://registry.npmjs.org/npm-packlist 20672ms (cache updated)
91 silly packumentCache full:https://registry.npmjs.org/npm-packlist set size:undefined disposed:false
92 http fetch GET 200 https://registry.npmjs.org/@winglang%2fsdk 39223ms (cache miss)
93 silly packumentCache full:https://registry.npmjs.org/@winglang%2fsdk set size:undefined disposed:false
94 http fetch GET 200 https://registry.npmjs.org/compare-versions 43812ms (cache miss)
95 silly packumentCache full:https://registry.npmjs.org/compare-versions set size:undefined disposed:false
96 http fetch GET 200 https://registry.npmjs.org/inquirer 60384ms (cache updated)
97 silly packumentCache full:https://registry.npmjs.org/inquirer set size:undefined disposed:false
98 http fetch GET 200 https://registry.npmjs.org/@wingconsole%2fserver 73295ms (cache miss)
99 silly packumentCache full:https://registry.npmjs.org/@wingconsole%2fserver set size:undefined disposed:false
100 http fetch GET 200 https://registry.npmjs.org/@winglang%2fcompiler 102562ms (cache miss)
101 silly packumentCache full:https://registry.npmjs.org/@winglang%2fcompiler set size:undefined disposed:false
102 http fetch GET 200 https://registry.npmjs.org/@wingconsole%2fapp 160833ms (cache miss)
103 silly packumentCache full:https://registry.npmjs.org/@wingconsole%2fapp set size:undefined disposed:false
104 silly placeDep node_modules/winglang @npmcli/arborist@7.5.4 OK for: winglang@0.85.49 want: ^7.5.3
105 silly placeDep node_modules/winglang @segment/analytics-node@1.3.0 OK for: winglang@0.85.49 want: ^1.3.0
106 silly placeDep node_modules/winglang @supercharge/promise-pool@3.2.0 OK for: winglang@0.85.49 want: ^3.2.0
107 silly placeDep node_modules/winglang @wingconsole/app@0.85.49 OK for: winglang@0.85.49 want: 0.85.49
108 silly placeDep node_modules/winglang @wingconsole/server@0.85.49 OK for: winglang@0.85.49 want: 0.85.49
109 silly placeDep node_modules/winglang @winglang/compiler@0.85.49 OK for: winglang@0.85.49 want: 0.85.49
110 silly placeDep node_modules/winglang @winglang/sdk@0.85.49 OK for: winglang@0.85.49 want: 0.85.49
111 silly placeDep node_modules/winglang chalk@4.1.2 OK for: winglang@0.85.49 want: ^4.1.2
112 silly placeDep node_modules/winglang codespan-wasm@0.4.0 OK for: winglang@0.85.49 want: 0.4.0
113 silly placeDep node_modules/winglang commander@10.0.1 OK for: winglang@0.85.49 want: ^10.0.1
114 silly placeDep node_modules/winglang compare-versions@5.0.3 OK for: winglang@0.85.49 want: ^5.0.3
115 silly placeDep node_modules/winglang debug@4.4.3 OK for: winglang@0.85.49 want: ^4.3.5
116 silly placeDep node_modules/winglang glob@10.4.5 OK for: winglang@0.85.49 want: ^10.4.2
117 silly placeDep node_modules/winglang inquirer@8.2.7 OK for: winglang@0.85.49 want: ^8.2.6
118 silly placeDep node_modules/winglang nanoid@3.3.11 OK for: winglang@0.85.49 want: ^3.3.7
119 silly placeDep node_modules/winglang npm-packlist@8.0.2 OK for: winglang@0.85.49 want: ^8.0.2
120 silly placeDep node_modules/winglang ora@5.4.1 OK for: winglang@0.85.49 want: ^5.4.1
121 silly placeDep node_modules/winglang tar@6.2.1 OK for: winglang@0.85.49 want: ^6.2.1
122 silly placeDep node_modules/winglang tiny-updater@3.5.3 OK for: winglang@0.85.49 want: ^3.5.2
123 silly placeDep node_modules/winglang uuid@8.3.2 OK for: winglang@0.85.49 want: ^8.3.2
124 silly placeDep node_modules/winglang vscode-languageserver@8.1.0 OK for: winglang@0.85.49 want: ^8.1.0
125 silly fetch manifest nopt@^7.2.1
126 silly packumentCache full:https://registry.npmjs.org/nopt cache-miss
127 silly fetch manifest ssri@^10.0.6
128 silly packumentCache full:https://registry.npmjs.org/ssri cache-miss
129 silly fetch manifest pacote@^18.0.6
130 silly packumentCache full:https://registry.npmjs.org/pacote cache-miss
131 silly fetch manifest proggy@^2.0.0
132 silly packumentCache full:https://registry.npmjs.org/proggy cache-miss
133 silly fetch manifest semver@^7.3.7
134 silly packumentCache full:https://registry.npmjs.org/semver cache-miss
135 silly fetch manifest cacache@^18.0.3
136 silly packumentCache full:https://registry.npmjs.org/cacache cache-miss
137 silly fetch manifest proc-log@^4.2.0
138 silly packumentCache full:https://registry.npmjs.org/proc-log cache-miss
139 silly fetch manifest bin-links@^4.0.4
140 silly packumentCache full:https://registry.npmjs.org/bin-links cache-miss
141 silly fetch manifest lru-cache@^10.2.2
142 silly packumentCache full:https://registry.npmjs.org/lru-cache cache-miss
143 silly fetch manifest minimatch@^9.0.4
144 silly packumentCache full:https://registry.npmjs.org/minimatch cache-miss
145 silly fetch manifest treeverse@^3.0.0
146 silly packumentCache full:https://registry.npmjs.org/treeverse cache-miss
147 http cache https://registry.npmjs.org/semver 24ms (cache hit)
148 silly packumentCache full:https://registry.npmjs.org/semver set size:224186 disposed:false
149 silly fetch manifest @npmcli/fs@^3.1.1
150 silly packumentCache full:https://registry.npmjs.org/@npmcli%2ffs cache-miss
151 http cache https://registry.npmjs.org/minimatch 26ms (cache hit)
152 silly packumentCache full:https://registry.npmjs.org/minimatch set size:298903 disposed:false
153 silly fetch manifest walk-up-path@^3.0.1
154 silly packumentCache full:https://registry.npmjs.org/walk-up-path cache-miss
155 http cache https://registry.npmjs.org/lru-cache 31ms (cache hit)
156 silly packumentCache full:https://registry.npmjs.org/lru-cache set size:400387 disposed:false
157 silly fetch manifest @npmcli/query@^3.1.0
158 silly packumentCache full:https://registry.npmjs.org/@npmcli%2fquery cache-miss
159 http fetch GET 200 https://registry.npmjs.org/cacache 103ms (cache revalidated)
160 silly packumentCache full:https://registry.npmjs.org/cacache set size:373372 disposed:false
161 silly fetch manifest @npmcli/redact@^2.0.0
162 silly packumentCache full:https://registry.npmjs.org/@npmcli%2fredact cache-miss
163 http fetch GET 200 https://registry.npmjs.org/bin-links 148ms (cache revalidated)
164 silly packumentCache full:https://registry.npmjs.org/bin-links set size:87541 disposed:false
165 silly fetch manifest hosted-git-info@^7.0.2
166 silly packumentCache full:https://registry.npmjs.org/hosted-git-info cache-miss
167 http fetch GET 200 https://registry.npmjs.org/proc-log 165ms (cache revalidated)
168 silly packumentCache full:https://registry.npmjs.org/proc-log set size:28583 disposed:false
169 silly fetch manifest npm-package-arg@^11.0.2
170 silly packumentCache full:https://registry.npmjs.org/npm-package-arg cache-miss
171 http fetch GET 200 https://registry.npmjs.org/treeverse 170ms (cache revalidated)
172 silly packumentCache full:https://registry.npmjs.org/treeverse set size:25982 disposed:false
173 silly fetch manifest @npmcli/node-gyp@^3.0.0
174 silly packumentCache full:https://registry.npmjs.org/@npmcli%2fnode-gyp cache-miss
175 http fetch GET 200 https://registry.npmjs.org/ssri 175ms (cache revalidated)
176 silly packumentCache full:https://registry.npmjs.org/ssri set size:130405 disposed:false
177 silly fetch manifest npm-pick-manifest@^9.0.1
178 silly packumentCache full:https://registry.npmjs.org/npm-pick-manifest cache-miss
179 http cache https://registry.npmjs.org/hosted-git-info 31ms (cache hit)
180 silly packumentCache full:https://registry.npmjs.org/hosted-git-info set size:173541 disposed:false
181 silly fetch manifest @npmcli/run-script@^8.1.0
182 silly packumentCache full:https://registry.npmjs.org/@npmcli%2frun-script cache-miss
183 http fetch GET 200 https://registry.npmjs.org/@npmcli%2fnode-gyp 108ms (cache revalidated)
184 silly packumentCache full:https://registry.npmjs.org/@npmcli%2fnode-gyp set size:19507 disposed:false
185 silly fetch manifest npm-install-checks@^6.2.0
186 silly packumentCache full:https://registry.npmjs.org/npm-install-checks cache-miss
187 http fetch GET 200 https://registry.npmjs.org/@npmcli%2frun-script 91ms (cache revalidated)
188 silly packumentCache full:https://registry.npmjs.org/@npmcli%2frun-script set size:188767 disposed:false
189 silly fetch manifest npm-registry-fetch@^17.0.1
190 silly packumentCache full:https://registry.npmjs.org/npm-registry-fetch cache-miss
191 http fetch GET 200 https://registry.npmjs.org/npm-package-arg 158ms (cache revalidated)
192 silly packumentCache full:https://registry.npmjs.org/npm-package-arg set size:126063 disposed:false
193 silly fetch manifest promise-call-limit@^3.0.1
194 silly packumentCache full:https://registry.npmjs.org/promise-call-limit cache-miss
195 http fetch GET 200 https://registry.npmjs.org/npm-install-checks 95ms (cache revalidated)
196 silly packumentCache full:https://registry.npmjs.org/npm-install-checks set size:56712 disposed:false
197 silly fetch manifest json-stringify-nice@^1.1.4
198 silly packumentCache full:https://registry.npmjs.org/json-stringify-nice cache-miss
199 http fetch GET 200 https://registry.npmjs.org/@npmcli%2ffs 372ms (cache revalidated)
200 silly packumentCache full:https://registry.npmjs.org/@npmcli%2ffs set size:38037 disposed:false
201 silly fetch manifest parse-conflict-json@^3.0.0
202 silly packumentCache full:https://registry.npmjs.org/parse-conflict-json cache-miss
203 http fetch GET 200 https://registry.npmjs.org/promise-call-limit 79ms (cache revalidated)
204 silly packumentCache full:https://registry.npmjs.org/promise-call-limit set size:16209 disposed:false
205 silly fetch manifest @npmcli/package-json@^5.1.0
206 silly packumentCache full:https://registry.npmjs.org/@npmcli%2fpackage-json cache-miss
207 http fetch GET 200 https://registry.npmjs.org/json-stringify-nice 74ms (cache revalidated)
208 silly packumentCache full:https://registry.npmjs.org/json-stringify-nice set size:21915 disposed:false
209 silly fetch manifest common-ancestor-path@^1.0.1
210 silly packumentCache full:https://registry.npmjs.org/common-ancestor-path cache-miss
211 http fetch GET 200 https://registry.npmjs.org/parse-conflict-json 110ms (cache revalidated)
212 silly packumentCache full:https://registry.npmjs.org/parse-conflict-json set size:31380 disposed:false
213 silly fetch manifest @npmcli/map-workspaces@^3.0.2
214 silly packumentCache full:https://registry.npmjs.org/@npmcli%2fmap-workspaces cache-miss
215 http fetch GET 200 https://registry.npmjs.org/common-ancestor-path 135ms (cache revalidated)
216 silly packumentCache full:https://registry.npmjs.org/common-ancestor-path set size:6543 disposed:false
217 silly fetch manifest read-package-json-fast@^3.0.2
218 silly packumentCache full:https://registry.npmjs.org/read-package-json-fast cache-miss
219 http fetch GET 200 https://registry.npmjs.org/nopt 591ms (cache revalidated)
220 silly packumentCache full:https://registry.npmjs.org/nopt set size:69096 disposed:false
221 silly fetch manifest promise-all-reject-late@^1.0.0
222 silly packumentCache full:https://registry.npmjs.org/promise-all-reject-late cache-miss
223 http fetch GET 200 https://registry.npmjs.org/promise-all-reject-late 64ms (cache revalidated)
224 silly packumentCache full:https://registry.npmjs.org/promise-all-reject-late set size:6477 disposed:false
225 silly fetch manifest @npmcli/name-from-folder@^2.0.0
226 silly packumentCache full:https://registry.npmjs.org/@npmcli%2fname-from-folder cache-miss
227 http fetch GET 200 https://registry.npmjs.org/read-package-json-fast 77ms (cache revalidated)
228 silly packumentCache full:https://registry.npmjs.org/read-package-json-fast set size:57854 disposed:false
229 silly fetch manifest @npmcli/metavuln-calculator@^7.1.1
230 silly packumentCache full:https://registry.npmjs.org/@npmcli%2fmetavuln-calculator cache-miss
231 http fetch GET 200 https://registry.npmjs.org/@npmcli%2fmap-workspaces 169ms (cache revalidated)
232 silly packumentCache full:https://registry.npmjs.org/@npmcli%2fmap-workspaces set size:72927 disposed:false
233 silly fetch manifest @isaacs/string-locale-compare@^1.1.0
234 silly packumentCache full:https://registry.npmjs.org/@isaacs%2fstring-locale-compare cache-miss
235 http fetch GET 200 https://registry.npmjs.org/@npmcli%2fname-from-folder 95ms (cache revalidated)
236 silly packumentCache full:https://registry.npmjs.org/@npmcli%2fname-from-folder set size:12267 disposed:false
237 silly fetch manifest json-parse-even-better-errors@^3.0.2
238 silly packumentCache full:https://registry.npmjs.org/json-parse-even-better-errors cache-miss
239 http cache https://registry.npmjs.org/json-parse-even-better-errors 2ms (cache hit)
240 silly packumentCache full:https://registry.npmjs.org/json-parse-even-better-errors set size:31947 disposed:false
241 silly fetch manifest @npmcli/installed-package-contents@^2.1.0
242 silly packumentCache full:https://registry.npmjs.org/@npmcli%2finstalled-package-contents cache-miss
243 http fetch GET 200 https://registry.npmjs.org/@isaacs%2fstring-locale-compare 110ms (cache revalidated)
244 silly packumentCache full:https://registry.npmjs.org/@isaacs%2fstring-locale-compare set size:7482 disposed:false
245 silly fetch manifest tslib@^2.4.1
246 silly packumentCache full:https://registry.npmjs.org/tslib cache-miss
247 http cache https://registry.npmjs.org/tslib 3ms (cache hit)
248 silly packumentCache full:https://registry.npmjs.org/tslib set size:108820 disposed:false
249 silly fetch manifest buffer@^6.0.3
250 silly packumentCache full:https://registry.npmjs.org/buffer cache-miss
251 http cache https://registry.npmjs.org/buffer 2ms (cache hit)
252 silly packumentCache full:https://registry.npmjs.org/buffer set size:280480 disposed:false
253 silly fetch manifest node-fetch@^2.6.7
254 silly packumentCache full:https://registry.npmjs.org/node-fetch cache-miss
255 http fetch GET 200 https://registry.npmjs.org/node-fetch 124ms (cache revalidated)
256 silly packumentCache full:https://registry.npmjs.org/node-fetch set size:896010 disposed:false
257 silly fetch manifest @lukeed/uuid@^2.0.0
258 silly packumentCache full:https://registry.npmjs.org/@lukeed%2fuuid cache-miss
259 http fetch GET 200 https://registry.npmjs.org/@npmcli%2finstalled-package-contents 213ms (cache revalidated)
260 silly packumentCache full:https://registry.npmjs.org/@npmcli%2finstalled-package-contents set size:46208 disposed:false
261 silly fetch manifest @segment/analytics-core@1.4.1
262 silly packumentCache full:https://registry.npmjs.org/@segment%2fanalytics-core cache-miss
263 http fetch GET 200 https://registry.npmjs.org/walk-up-path 947ms (cache revalidated)
264 silly packumentCache full:https://registry.npmjs.org/walk-up-path set size:16817 disposed:false
265 silly fetch manifest @segment/analytics-generic-utils@1.1.1
266 silly packumentCache full:https://registry.npmjs.org/@segment%2fanalytics-generic-utils cache-miss
267 http fetch GET 200 https://registry.npmjs.org/npm-registry-fetch 796ms (cache revalidated)
268 silly packumentCache full:https://registry.npmjs.org/npm-registry-fetch set size:273519 disposed:false
269 silly fetch manifest cross-spawn@^7.0.6
270 silly packumentCache full:https://registry.npmjs.org/cross-spawn cache-miss
271 http cache https://registry.npmjs.org/cross-spawn 10ms (cache hit)
272 silly packumentCache full:https://registry.npmjs.org/cross-spawn set size:109066 disposed:false
273 silly fetch manifest express@^4.21.2
274 silly packumentCache full:https://registry.npmjs.org/express cache-miss
275 http fetch GET 200 https://registry.npmjs.org/@npmcli%2fredact 2075ms (cache miss)
276 silly packumentCache full:https://registry.npmjs.org/@npmcli%2fredact set size:undefined disposed:false
277 silly fetch manifest open@^8.4.2
278 silly packumentCache full:https://registry.npmjs.org/open cache-miss
279 http cache https://registry.npmjs.org/open 9ms (cache hit)
280 silly packumentCache full:https://registry.npmjs.org/open set size:133517 disposed:false
281 silly fetch manifest picocolors@^1.1.1
282 silly packumentCache full:https://registry.npmjs.org/picocolors cache-miss
283 http cache https://registry.npmjs.org/picocolors 18ms (cache hit)
284 silly packumentCache full:https://registry.npmjs.org/picocolors set size:16648 disposed:false
285 silly fetch manifest codespan-wasm@^0.4.0
286 silly packumentCache full:https://registry.npmjs.org/codespan-wasm cache-miss
287 http cache https://registry.npmjs.org/codespan-wasm 7ms (cache hit)
288 silly packumentCache full:https://registry.npmjs.org/codespan-wasm set size:12996 disposed:false
289 silly fetch manifest launch-editor@^2.8.0
290 silly packumentCache full:https://registry.npmjs.org/launch-editor cache-miss
291 http fetch GET 200 https://registry.npmjs.org/launch-editor 461ms (cache miss)
292 silly packumentCache full:https://registry.npmjs.org/launch-editor set size:undefined disposed:false
293 silly fetch manifest pretty-ms@^9.0.0
294 silly packumentCache full:https://registry.npmjs.org/pretty-ms cache-miss
295 http fetch GET 200 https://registry.npmjs.org/npm-pick-manifest 2564ms (cache updated)
296 silly packumentCache full:https://registry.npmjs.org/npm-pick-manifest set size:undefined disposed:false
297 silly fetch manifest @wingcloud/framework@0.85.49
298 silly packumentCache full:https://registry.npmjs.org/@wingcloud%2fframework cache-miss
299 http fetch GET 200 https://registry.npmjs.org/pretty-ms 548ms (cache miss)
300 silly packumentCache full:https://registry.npmjs.org/pretty-ms set size:undefined disposed:false
301 silly fetch manifest jiti@^1.21.6
302 silly packumentCache full:https://registry.npmjs.org/jiti cache-miss
303 http fetch GET 200 https://registry.npmjs.org/jiti 63ms (cache revalidated)
304 silly packumentCache full:https://registry.npmjs.org/jiti set size:377742 disposed:false
305 silly fetch manifest constructs@^10.3
306 silly packumentCache full:https://registry.npmjs.org/constructs cache-miss
307 http fetch GET 200 https://registry.npmjs.org/@npmcli%2fquery 3968ms (cache miss)
308 silly packumentCache full:https://registry.npmjs.org/@npmcli%2fquery set size:undefined disposed:false
309 silly fetch manifest esbuild@^0.19.12
310 silly packumentCache full:https://registry.npmjs.org/esbuild cache-miss
311 http fetch GET 200 https://registry.npmjs.org/@npmcli%2fmetavuln-calculator 7042ms (cache updated)
312 silly packumentCache full:https://registry.npmjs.org/@npmcli%2fmetavuln-calculator set size:undefined disposed:false
313 silly fetch manifest ansi-styles@^4.1.0
314 silly packumentCache full:https://registry.npmjs.org/ansi-styles cache-miss
315 http cache https://registry.npmjs.org/ansi-styles 4ms (cache hit)
316 silly packumentCache full:https://registry.npmjs.org/ansi-styles set size:63233 disposed:false
317 silly fetch manifest supports-color@^7.1.0
318 silly packumentCache full:https://registry.npmjs.org/supports-color cache-miss
319 http cache https://registry.npmjs.org/supports-color 9ms (cache hit)
320 silly packumentCache full:https://registry.npmjs.org/supports-color set size:118680 disposed:false
321 silly fetch manifest debug@^4.3.4
322 silly packumentCache full:https://registry.npmjs.org/debug cache-hit
323 silly fetch manifest ms@^2.1.3
324 silly packumentCache full:https://registry.npmjs.org/ms cache-miss
325 http cache https://registry.npmjs.org/ms 2ms (cache hit)
326 silly packumentCache full:https://registry.npmjs.org/ms set size:92208 disposed:false
327 silly fetch manifest minipass@^7.1.2
328 silly packumentCache full:https://registry.npmjs.org/minipass cache-miss
329 http fetch GET 200 https://registry.npmjs.org/minipass 76ms (cache revalidated)
330 silly packumentCache full:https://registry.npmjs.org/minipass set size:490195 disposed:false
331 silly fetch manifest jackspeak@^3.1.2
332 silly packumentCache full:https://registry.npmjs.org/jackspeak cache-miss
333 http fetch GET 200 https://registry.npmjs.org/jackspeak 94ms (cache revalidated)
334 silly packumentCache full:https://registry.npmjs.org/jackspeak set size:189177 disposed:false
335 silly fetch manifest path-scurry@^1.11.1
336 silly packumentCache full:https://registry.npmjs.org/path-scurry cache-miss
337 http fetch GET 200 https://registry.npmjs.org/path-scurry 66ms (cache revalidated)
338 silly packumentCache full:https://registry.npmjs.org/path-scurry set size:112463 disposed:false
339 silly fetch manifest foreground-child@^3.1.0
340 silly packumentCache full:https://registry.npmjs.org/foreground-child cache-miss
341 http fetch GET 200 https://registry.npmjs.org/foreground-child 84ms (cache revalidated)
342 silly packumentCache full:https://registry.npmjs.org/foreground-child set size:59344 disposed:false
343 silly fetch manifest package-json-from-dist@^1.0.0
344 silly packumentCache full:https://registry.npmjs.org/package-json-from-dist cache-miss
345 http fetch GET 200 https://registry.npmjs.org/package-json-from-dist 114ms (cache revalidated)
346 silly packumentCache full:https://registry.npmjs.org/package-json-from-dist set size:8854 disposed:false
347 silly fetch manifest rxjs@^7.5.5
348 silly packumentCache full:https://registry.npmjs.org/rxjs cache-miss
349 http fetch GET 200 https://registry.npmjs.org/rxjs 83ms (cache revalidated)
350 silly packumentCache full:https://registry.npmjs.org/rxjs set size:980097 disposed:false
351 silly fetch manifest lodash@^4.17.21
352 silly packumentCache full:https://registry.npmjs.org/lodash cache-miss
353 http cache https://registry.npmjs.org/lodash 8ms (cache hit)
354 silly packumentCache full:https://registry.npmjs.org/lodash set size:242466 disposed:false
355 silly fetch manifest figures@^3.0.0
356 silly packumentCache full:https://registry.npmjs.org/figures cache-miss
357 http fetch GET 200 https://registry.npmjs.org/figures 93ms (cache revalidated)
358 silly packumentCache full:https://registry.npmjs.org/figures set size:64597 disposed:false
359 silly fetch manifest through@^2.3.6
360 silly packumentCache full:https://registry.npmjs.org/through cache-miss
361 http fetch GET 200 https://registry.npmjs.org/through 65ms (cache revalidated)
362 silly packumentCache full:https://registry.npmjs.org/through set size:38387 disposed:false
363 silly fetch manifest cli-width@^3.0.0
364 silly packumentCache full:https://registry.npmjs.org/cli-width cache-miss
365 http fetch GET 200 https://registry.npmjs.org/cli-width 85ms (cache revalidated)
366 silly packumentCache full:https://registry.npmjs.org/cli-width set size:24976 disposed:false
367 silly fetch manifest run-async@^2.4.0
368 silly packumentCache full:https://registry.npmjs.org/run-async cache-miss
369 http fetch GET 200 https://registry.npmjs.org/run-async 77ms (cache revalidated)
370 silly packumentCache full:https://registry.npmjs.org/run-async set size:30788 disposed:false
371 silly fetch manifest wrap-ansi@^6.0.1
372 silly packumentCache full:https://registry.npmjs.org/wrap-ansi cache-miss
373 http cache https://registry.npmjs.org/wrap-ansi 8ms (cache hit)
374 silly packumentCache full:https://registry.npmjs.org/wrap-ansi set size:51195 disposed:false
375 silly fetch manifest cli-cursor@^3.1.0
376 silly packumentCache full:https://registry.npmjs.org/cli-cursor cache-miss
377 http fetch GET 200 https://registry.npmjs.org/cli-cursor 87ms (cache revalidated)
378 silly packumentCache full:https://registry.npmjs.org/cli-cursor set size:18913 disposed:false
379 silly fetch manifest strip-ansi@^6.0.0
380 silly packumentCache full:https://registry.npmjs.org/strip-ansi cache-miss
381 http cache https://registry.npmjs.org/strip-ansi 14ms (cache hit)
382 silly packumentCache full:https://registry.npmjs.org/strip-ansi set size:41855 disposed:false
383 silly fetch manifest mute-stream@0.0.8
384 silly packumentCache full:https://registry.npmjs.org/mute-stream cache-miss
385 http cache https://registry.npmjs.org/mute-stream 7ms (cache hit)
386 silly packumentCache full:https://registry.npmjs.org/mute-stream set size:19371 disposed:false
387 silly fetch manifest ansi-escapes@^4.2.1
388 silly packumentCache full:https://registry.npmjs.org/ansi-escapes cache-miss
389 http fetch GET 200 https://registry.npmjs.org/@lukeed%2fuuid 10666ms (cache miss)
390 silly packumentCache full:https://registry.npmjs.org/@lukeed%2fuuid set size:undefined disposed:false
391 silly fetch manifest string-width@^4.1.0
392 silly packumentCache full:https://registry.npmjs.org/string-width cache-miss
393 http cache https://registry.npmjs.org/string-width 7ms (cache hit)
394 silly packumentCache full:https://registry.npmjs.org/string-width set size:64158 disposed:false
395 silly fetch manifest @inquirer/external-editor@^1.0.0
396 silly packumentCache full:https://registry.npmjs.org/@inquirer%2fexternal-editor cache-miss
397 http fetch GET 200 https://registry.npmjs.org/@inquirer%2fexternal-editor 121ms (cache revalidated)
398 silly packumentCache full:https://registry.npmjs.org/@inquirer%2fexternal-editor set size:9400 disposed:false
399 silly fetch manifest ignore-walk@^6.0.4
400 silly packumentCache full:https://registry.npmjs.org/ignore-walk cache-miss
401 http fetch GET 200 https://registry.npmjs.org/ignore-walk 99ms (cache revalidated)
402 silly packumentCache full:https://registry.npmjs.org/ignore-walk set size:68355 disposed:false
403 silly fetch manifest bl@^4.1.0
404 silly packumentCache full:https://registry.npmjs.org/bl cache-miss
405 http cache https://registry.npmjs.org/bl 13ms (cache hit)
406 silly packumentCache full:https://registry.npmjs.org/bl set size:180259 disposed:false
407 silly fetch manifest wcwidth@^1.0.1
408 silly packumentCache full:https://registry.npmjs.org/wcwidth cache-miss
409 http fetch GET 200 https://registry.npmjs.org/wcwidth 83ms (cache revalidated)
410 silly packumentCache full:https://registry.npmjs.org/wcwidth set size:5904 disposed:false
411 silly fetch manifest log-symbols@^4.1.0
412 silly packumentCache full:https://registry.npmjs.org/log-symbols cache-miss
413 http fetch GET 200 https://registry.npmjs.org/log-symbols 344ms (cache revalidated)
414 silly packumentCache full:https://registry.npmjs.org/log-symbols set size:31991 disposed:false
415 silly fetch manifest cli-spinners@^2.5.0
416 silly packumentCache full:https://registry.npmjs.org/cli-spinners cache-miss
417 http fetch GET 200 https://registry.npmjs.org/ansi-escapes 5827ms (cache updated)
418 silly packumentCache full:https://registry.npmjs.org/ansi-escapes set size:undefined disposed:false
419 silly fetch manifest is-interactive@^1.0.0
420 silly packumentCache full:https://registry.npmjs.org/is-interactive cache-miss
421 http fetch GET 200 https://registry.npmjs.org/is-interactive 100ms (cache revalidated)
422 silly packumentCache full:https://registry.npmjs.org/is-interactive set size:10692 disposed:false
423 silly fetch manifest is-unicode-supported@^0.1.0
424 silly packumentCache full:https://registry.npmjs.org/is-unicode-supported cache-miss
425 http fetch GET 200 https://registry.npmjs.org/is-unicode-supported 103ms (cache revalidated)
426 silly packumentCache full:https://registry.npmjs.org/is-unicode-supported set size:19461 disposed:false
427 silly fetch manifest chownr@^2.0.0
428 silly packumentCache full:https://registry.npmjs.org/chownr cache-miss
429 http cache https://registry.npmjs.org/chownr 8ms (cache hit)
430 silly packumentCache full:https://registry.npmjs.org/chownr set size:22157 disposed:false
431 silly fetch manifest mkdirp@^1.0.3
432 silly packumentCache full:https://registry.npmjs.org/mkdirp cache-miss
433 http cache https://registry.npmjs.org/mkdirp 8ms (cache hit)
434 silly packumentCache full:https://registry.npmjs.org/mkdirp set size:116455 disposed:false
435 silly fetch manifest yallist@^4.0.0
436 silly packumentCache full:https://registry.npmjs.org/yallist cache-miss
437 http cache https://registry.npmjs.org/yallist 22ms (cache hit)
438 silly packumentCache full:https://registry.npmjs.org/yallist set size:34610 disposed:false
439 silly fetch manifest minipass@^5.0.0
440 silly packumentCache full:https://registry.npmjs.org/minipass cache-hit
441 silly fetch manifest minizlib@^2.1.1
442 silly packumentCache full:https://registry.npmjs.org/minizlib cache-miss
443 http fetch GET 200 https://registry.npmjs.org/minizlib 372ms (cache revalidated)
444 silly packumentCache full:https://registry.npmjs.org/minizlib set size:62862 disposed:false
445 silly fetch manifest fs-minipass@^2.0.0
446 silly packumentCache full:https://registry.npmjs.org/fs-minipass cache-miss
447 http fetch GET 200 https://registry.npmjs.org/fs-minipass 95ms (cache revalidated)
448 silly packumentCache full:https://registry.npmjs.org/fs-minipass set size:44606 disposed:false
449 silly fetch manifest ionstore@^1.0.1
450 silly packumentCache full:https://registry.npmjs.org/ionstore cache-miss
451 http fetch GET 200 https://registry.npmjs.org/ionstore 198ms (cache miss)
452 silly packumentCache full:https://registry.npmjs.org/ionstore set size:undefined disposed:false
453 silly fetch manifest tiny-colors@^2.2.2
454 silly packumentCache full:https://registry.npmjs.org/tiny-colors cache-miss
455 http fetch GET 200 https://registry.npmjs.org/tiny-colors 824ms (cache miss)
456 silly packumentCache full:https://registry.npmjs.org/tiny-colors set size:undefined disposed:false
457 silly fetch manifest when-exit@^2.1.4
458 silly packumentCache full:https://registry.npmjs.org/when-exit cache-miss
459 http fetch GET 200 https://registry.npmjs.org/proggy 16840ms (cache miss)
460 silly packumentCache full:https://registry.npmjs.org/proggy set size:undefined disposed:false
461 silly fetch manifest vscode-languageserver-protocol@3.17.3
462 silly packumentCache full:https://registry.npmjs.org/vscode-languageserver-protocol cache-miss
463 http cache https://registry.npmjs.org/vscode-languageserver-protocol 11ms (cache hit)
464 silly packumentCache full:https://registry.npmjs.org/vscode-languageserver-protocol set size:479089 disposed:false
465 http fetch GET 200 https://registry.npmjs.org/when-exit 457ms (cache miss)
466 silly packumentCache full:https://registry.npmjs.org/when-exit set size:undefined disposed:false
467 http fetch GET 200 https://registry.npmjs.org/cli-spinners 4931ms (cache updated)
468 silly packumentCache full:https://registry.npmjs.org/cli-spinners set size:undefined disposed:false
469 http fetch GET 200 https://registry.npmjs.org/@npmcli%2fpackage-json 17366ms (cache updated)
470 silly packumentCache full:https://registry.npmjs.org/@npmcli%2fpackage-json set size:undefined disposed:false
471 http fetch GET 200 https://registry.npmjs.org/@wingcloud%2fframework 16084ms (cache miss)
472 silly packumentCache full:https://registry.npmjs.org/@wingcloud%2fframework set size:undefined disposed:false
473 http fetch GET 200 https://registry.npmjs.org/pacote 20992ms (cache updated)
474 silly packumentCache full:https://registry.npmjs.org/pacote set size:undefined disposed:false
475 http fetch GET 200 https://registry.npmjs.org/@segment%2fanalytics-generic-utils 22776ms (cache miss)
476 silly packumentCache full:https://registry.npmjs.org/@segment%2fanalytics-generic-utils set size:undefined disposed:false
477 http fetch GET 200 https://registry.npmjs.org/express 27430ms (cache miss)
478 silly packumentCache full:https://registry.npmjs.org/express set size:undefined disposed:false
479 http fetch GET 200 https://registry.npmjs.org/@segment%2fanalytics-core 32307ms (cache miss)
480 silly packumentCache full:https://registry.npmjs.org/@segment%2fanalytics-core set size:undefined disposed:false
