0 verbose cli /usr/bin/node /home/phaedrus/.local/bin/npm
1 info using npm@11.4.1
2 info using node@v22.19.0
3 silly config load:file:/home/phaedrus/.local/lib/node_modules/npm/npmrc
4 silly config load:file:/home/phaedrus/.local/share/nvim/mason/staging/yaml-language-server/.npmrc
5 silly config load:file:/home/phaedrus/.npmrc
6 silly config load:file:/etc/npmrc
7 verbose title npm install yaml-language-server@1.19.1
8 verbose argv "install" "yaml-language-server@1.19.1"
9 verbose logfile logs-max:10 dir:/home/phaedrus/.npm/_logs/2025-09-27T22_15_20_942Z-
10 verbose logfile /home/phaedrus/.npm/_logs/2025-09-27T22_15_20_942Z-debug-0.log
11 silly logfile start cleaning logs, removing 1 files
12 silly packumentCache heap:4345298944 maxSize:1086324736 maxEntrySize:543162368
13 silly logfile done cleaning log files
14 silly idealTree buildDeps
15 silly fetch manifest yaml-language-server@1.19.1
16 silly packumentCache full:https://registry.npmjs.org/yaml-language-server cache-miss
17 http fetch GET 200 https://registry.npmjs.org/yaml-language-server 15084ms (cache miss)
18 silly packumentCache full:https://registry.npmjs.org/yaml-language-server set size:undefined disposed:false
19 silly placeDep ROOT yaml-language-server@1.19.1 OK for: @mason/yaml-language-server@1.0.0 want: 1.19.1
20 silly fetch manifest ajv@^8.17.1
21 silly packumentCache full:https://registry.npmjs.org/ajv cache-miss
22 silly fetch manifest yaml@2.7.1
23 silly packumentCache full:https://registry.npmjs.org/yaml cache-miss
24 silly fetch manifest lodash@4.17.21
25 silly packumentCache full:https://registry.npmjs.org/lodash cache-miss
26 silly fetch manifest prettier@^3.5.0
27 silly packumentCache full:https://registry.npmjs.org/prettier cache-miss
28 silly fetch manifest vscode-uri@^3.0.2
29 silly packumentCache full:https://registry.npmjs.org/vscode-uri cache-miss
30 silly fetch manifest @vscode/l10n@^0.0.18
31 silly packumentCache full:https://registry.npmjs.org/@vscode%2fl10n cache-miss
32 silly fetch manifest ajv-draft-04@^1.0.0
33 silly packumentCache full:https://registry.npmjs.org/ajv-draft-04 cache-miss
34 silly fetch manifest request-light@^0.5.7
35 silly packumentCache full:https://registry.npmjs.org/request-light cache-miss
36 silly fetch manifest vscode-languageserver@^9.0.0
37 silly packumentCache full:https://registry.npmjs.org/vscode-languageserver cache-miss
38 silly fetch manifest vscode-json-languageservice@4.1.8
39 silly packumentCache full:https://registry.npmjs.org/vscode-json-languageservice cache-miss
40 silly fetch manifest vscode-languageserver-types@^3.16.0
41 silly packumentCache full:https://registry.npmjs.org/vscode-languageserver-types cache-miss
42 http fetch GET 200 https://registry.npmjs.org/ajv-draft-04 298ms (cache miss)
43 silly packumentCache full:https://registry.npmjs.org/ajv-draft-04 set size:undefined disposed:false
44 silly fetch manifest vscode-languageserver-textdocument@^1.0.1
45 silly packumentCache full:https://registry.npmjs.org/vscode-languageserver-textdocument cache-miss
46 http fetch GET 200 https://registry.npmjs.org/vscode-languageserver-textdocument 71ms (cache revalidated)
47 silly packumentCache full:https://registry.npmjs.org/vscode-languageserver-textdocument set size:66497 disposed:false
48 http fetch GET 200 https://registry.npmjs.org/vscode-json-languageservice 816ms (cache revalidated)
49 silly packumentCache full:https://registry.npmjs.org/vscode-json-languageservice set size:521446 disposed:false
50 http fetch GET 200 https://registry.npmjs.org/yaml 2059ms (cache revalidated)
51 silly packumentCache full:https://registry.npmjs.org/yaml set size:361238 disposed:false
52 http fetch GET 200 https://registry.npmjs.org/@vscode%2fl10n 2312ms (cache revalidated)
53 silly packumentCache full:https://registry.npmjs.org/@vscode%2fl10n set size:58396 disposed:false
54 http fetch GET 200 https://registry.npmjs.org/lodash 2778ms (cache revalidated)
55 silly packumentCache full:https://registry.npmjs.org/lodash set size:242466 disposed:false
56 http fetch GET 200 https://registry.npmjs.org/prettier 4304ms (cache revalidated)
57 silly packumentCache full:https://registry.npmjs.org/prettier set size:608288 disposed:false
58 http fetch GET 200 https://registry.npmjs.org/ajv 4607ms (cache revalidated)
59 silly packumentCache full:https://registry.npmjs.org/ajv set size:1126055 disposed:false
60 http fetch GET 200 https://registry.npmjs.org/vscode-languageserver 5095ms (cache revalidated)
61 silly packumentCache full:https://registry.npmjs.org/vscode-languageserver set size:706236 disposed:false
62 http fetch GET 200 https://registry.npmjs.org/vscode-uri 7847ms (cache revalidated)
63 silly packumentCache full:https://registry.npmjs.org/vscode-uri set size:75563 disposed:false
64 http fetch GET 200 https://registry.npmjs.org/vscode-languageserver-types 8105ms (cache revalidated)
65 silly packumentCache full:https://registry.npmjs.org/vscode-languageserver-types set size:307546 disposed:false
66 http fetch GET https://registry.npmjs.org/request-light attempt 1 failed with ECONNRESET
67 http fetch GET 200 https://registry.npmjs.org/request-light 25934ms (cache revalidated)
68 silly packumentCache full:https://registry.npmjs.org/request-light set size:72847 disposed:false
69 silly placeDep node_modules/yaml-language-server @vscode/l10n@0.0.18 OK for: yaml-language-server@1.19.1 want: ^0.0.18
70 silly placeDep node_modules/yaml-language-server ajv@8.17.1 OK for: yaml-language-server@1.19.1 want: ^8.17.1
71 silly placeDep node_modules/yaml-language-server ajv-draft-04@1.0.0 OK for: yaml-language-server@1.19.1 want: ^1.0.0
72 silly placeDep node_modules/yaml-language-server lodash@4.17.21 OK for: yaml-language-server@1.19.1 want: 4.17.21
73 silly placeDep node_modules/yaml-language-server prettier@3.6.2 OK for: yaml-language-server@1.19.1 want: ^3.5.0
74 silly placeDep node_modules/yaml-language-server request-light@0.5.8 OK for: yaml-language-server@1.19.1 want: ^0.5.7
75 silly placeDep node_modules/yaml-language-server vscode-json-languageservice@4.1.8 OK for: yaml-language-server@1.19.1 want: 4.1.8
76 silly placeDep node_modules/yaml-language-server vscode-languageserver@9.0.1 OK for: yaml-language-server@1.19.1 want: ^9.0.0
77 silly placeDep node_modules/yaml-language-server vscode-languageserver-textdocument@1.0.12 OK for: yaml-language-server@1.19.1 want: ^1.0.1
78 silly placeDep node_modules/yaml-language-server vscode-languageserver-types@3.17.5 OK for: yaml-language-server@1.19.1 want: ^3.16.0
79 silly placeDep node_modules/yaml-language-server vscode-uri@3.1.0 OK for: yaml-language-server@1.19.1 want: ^3.0.2
80 silly placeDep node_modules/yaml-language-server yaml@2.7.1 OK for: yaml-language-server@1.19.1 want: 2.7.1
81 silly fetch manifest fast-uri@^3.0.1
82 silly packumentCache full:https://registry.npmjs.org/fast-uri cache-miss
83 silly fetch manifest fast-deep-equal@^3.1.3
84 silly packumentCache full:https://registry.npmjs.org/fast-deep-equal cache-miss
85 silly fetch manifest require-from-string@^2.0.2
86 silly packumentCache full:https://registry.npmjs.org/require-from-string cache-miss
87 silly fetch manifest json-schema-traverse@^1.0.0
88 silly packumentCache full:https://registry.npmjs.org/json-schema-traverse cache-miss
89 silly fetch manifest vscode-nls@^5.0.0
90 silly packumentCache full:https://registry.npmjs.org/vscode-nls cache-miss
91 silly fetch manifest jsonc-parser@^3.0.0
92 silly packumentCache full:https://registry.npmjs.org/jsonc-parser cache-miss
93 silly fetch manifest vscode-languageserver-protocol@3.17.5
94 silly packumentCache full:https://registry.npmjs.org/vscode-languageserver-protocol cache-miss
95 http fetch GET 200 https://registry.npmjs.org/fast-deep-equal 78ms (cache revalidated)
96 silly packumentCache full:https://registry.npmjs.org/fast-deep-equal set size:48634 disposed:false
97 http fetch GET 200 https://registry.npmjs.org/fast-uri 85ms (cache revalidated)
98 silly packumentCache full:https://registry.npmjs.org/fast-uri set size:61472 disposed:false
99 http fetch GET 200 https://registry.npmjs.org/require-from-string 109ms (cache revalidated)
100 silly packumentCache full:https://registry.npmjs.org/require-from-string set size:15128 disposed:false
101 http fetch GET 200 https://registry.npmjs.org/vscode-nls 336ms (cache revalidated)
102 silly packumentCache full:https://registry.npmjs.org/vscode-nls set size:100194 disposed:false
103 http fetch GET 200 https://registry.npmjs.org/vscode-languageserver-protocol 603ms (cache revalidated)
104 silly packumentCache full:https://registry.npmjs.org/vscode-languageserver-protocol set size:479089 disposed:false
105 http fetch GET 200 https://registry.npmjs.org/jsonc-parser 636ms (cache revalidated)
106 silly packumentCache full:https://registry.npmjs.org/jsonc-parser set size:122648 disposed:false
107 http fetch GET 200 https://registry.npmjs.org/json-schema-traverse 642ms (cache revalidated)
108 silly packumentCache full:https://registry.npmjs.org/json-schema-traverse set size:23537 disposed:false
109 silly placeDep node_modules/yaml-language-server fast-deep-equal@3.1.3 OK for: ajv@8.17.1 want: ^3.1.3
110 silly placeDep node_modules/yaml-language-server fast-uri@3.1.0 OK for: ajv@8.17.1 want: ^3.0.1
111 silly placeDep node_modules/yaml-language-server json-schema-traverse@1.0.0 OK for: ajv@8.17.1 want: ^1.0.0
112 silly placeDep node_modules/yaml-language-server require-from-string@2.0.2 OK for: ajv@8.17.1 want: ^2.0.2
113 silly placeDep node_modules/yaml-language-server jsonc-parser@3.3.1 OK for: vscode-json-languageservice@4.1.8 want: ^3.0.0
114 silly placeDep node_modules/yaml-language-server vscode-nls@5.2.0 OK for: vscode-json-languageservice@4.1.8 want: ^5.0.0
115 silly placeDep node_modules/yaml-language-server vscode-languageserver-protocol@3.17.5 OK for: vscode-languageserver@9.0.1 want: 3.17.5
116 silly fetch manifest vscode-jsonrpc@8.2.0
117 silly packumentCache full:https://registry.npmjs.org/vscode-jsonrpc cache-miss
118 http fetch GET 200 https://registry.npmjs.org/vscode-jsonrpc 104ms (cache revalidated)
119 silly packumentCache full:https://registry.npmjs.org/vscode-jsonrpc set size:376894 disposed:false
120 silly placeDep node_modules/yaml-language-server vscode-jsonrpc@8.2.0 OK for: vscode-languageserver-protocol@3.17.5 want: 8.2.0
121 silly reify moves {}
122 silly audit bulk request {
122 silly audit   'yaml-language-server': [ '1.19.1' ],
122 silly audit   '@vscode/l10n': [ '0.0.18' ],
122 silly audit   ajv: [ '8.17.1' ],
122 silly audit   'ajv-draft-04': [ '1.0.0' ],
122 silly audit   lodash: [ '4.17.21' ],
122 silly audit   prettier: [ '3.6.2' ],
122 silly audit   'request-light': [ '0.5.8' ],
122 silly audit   'vscode-json-languageservice': [ '4.1.8' ],
122 silly audit   'vscode-languageserver': [ '9.0.1' ],
122 silly audit   'vscode-languageserver-textdocument': [ '1.0.12' ],
122 silly audit   'vscode-languageserver-types': [ '3.17.5' ],
122 silly audit   'vscode-uri': [ '3.1.0' ],
122 silly audit   yaml: [ '2.7.1' ],
122 silly audit   'fast-deep-equal': [ '3.1.3' ],
122 silly audit   'fast-uri': [ '3.1.0' ],
122 silly audit   'json-schema-traverse': [ '1.0.0' ],
122 silly audit   'require-from-string': [ '2.0.2' ],
122 silly audit   'jsonc-parser': [ '3.3.1' ],
122 silly audit   'vscode-nls': [ '5.2.0' ],
122 silly audit   'vscode-languageserver-protocol': [ '3.17.5' ],
122 silly audit   'vscode-jsonrpc': [ '8.2.0' ]
122 silly audit }
123 http cache yaml-language-server@https://registry.npmjs.org/yaml-language-server/-/yaml-language-server-1.19.1.tgz 0ms (cache hit)
124 http cache vscode-jsonrpc@https://registry.npmjs.org/vscode-jsonrpc/-/vscode-jsonrpc-8.2.0.tgz 0ms (cache hit)
125 http cache jsonc-parser@https://registry.npmjs.org/jsonc-parser/-/jsonc-parser-3.3.1.tgz 0ms (cache hit)
126 http cache vscode-nls@https://registry.npmjs.org/vscode-nls/-/vscode-nls-5.2.0.tgz 0ms (cache hit)
127 http cache vscode-languageserver-protocol@https://registry.npmjs.org/vscode-languageserver-protocol/-/vscode-languageserver-protocol-3.17.5.tgz 0ms (cache hit)
128 http cache require-from-string@https://registry.npmjs.org/require-from-string/-/require-from-string-2.0.2.tgz 0ms (cache hit)
129 http cache fast-deep-equal@https://registry.npmjs.org/fast-deep-equal/-/fast-deep-equal-3.1.3.tgz 0ms (cache hit)
130 http cache json-schema-traverse@https://registry.npmjs.org/json-schema-traverse/-/json-schema-traverse-1.0.0.tgz 0ms (cache hit)
131 http cache yaml@https://registry.npmjs.org/yaml/-/yaml-2.7.1.tgz 0ms (cache hit)
132 http cache vscode-uri@https://registry.npmjs.org/vscode-uri/-/vscode-uri-3.1.0.tgz 0ms (cache hit)
133 http cache fast-uri@https://registry.npmjs.org/fast-uri/-/fast-uri-3.1.0.tgz 0ms (cache hit)
134 http cache vscode-languageserver-textdocument@https://registry.npmjs.org/vscode-languageserver-textdocument/-/vscode-languageserver-textdocument-1.0.12.tgz 0ms (cache hit)
135 http cache vscode-languageserver-types@https://registry.npmjs.org/vscode-languageserver-types/-/vscode-languageserver-types-3.17.5.tgz 0ms (cache hit)
136 http cache request-light@https://registry.npmjs.org/request-light/-/request-light-0.5.8.tgz 0ms (cache hit)
137 http cache prettier@https://registry.npmjs.org/prettier/-/prettier-3.6.2.tgz 0ms (cache hit)
138 http cache vscode-json-languageservice@https://registry.npmjs.org/vscode-json-languageservice/-/vscode-json-languageservice-4.1.8.tgz 0ms (cache hit)
139 http cache lodash@https://registry.npmjs.org/lodash/-/lodash-4.17.21.tgz 0ms (cache hit)
140 http cache ajv-draft-04@https://registry.npmjs.org/ajv-draft-04/-/ajv-draft-04-1.0.0.tgz 0ms (cache hit)
141 http cache ajv@https://registry.npmjs.org/ajv/-/ajv-8.17.1.tgz 0ms (cache hit)
142 http cache @vscode/l10n@https://registry.npmjs.org/@vscode/l10n/-/l10n-0.0.18.tgz 0ms (cache hit)
143 http cache vscode-languageserver@https://registry.npmjs.org/vscode-languageserver/-/vscode-languageserver-9.0.1.tgz 0ms (cache hit)
144 silly tarball no local data for yaml-language-server@https://registry.npmjs.org/yaml-language-server/-/yaml-language-server-1.19.1.tgz. Extracting by manifest.
145 silly tarball no local data for yaml@https://registry.npmjs.org/yaml/-/yaml-2.7.1.tgz. Extracting by manifest.
146 silly tarball no local data for request-light@https://registry.npmjs.org/request-light/-/request-light-0.5.8.tgz. Extracting by manifest.
147 silly tarball no local data for vscode-json-languageservice@https://registry.npmjs.org/vscode-json-languageservice/-/vscode-json-languageservice-4.1.8.tgz. Extracting by manifest.
148 silly tarball no local data for ajv-draft-04@https://registry.npmjs.org/ajv-draft-04/-/ajv-draft-04-1.0.0.tgz. Extracting by manifest.
149 http fetch POST 200 https://registry.npmjs.org/-/npm/v1/security/advisories/bulk 189ms
150 silly audit report {}
151 http fetch GET 200 https://registry.npmjs.org/ajv-draft-04/-/ajv-draft-04-1.0.0.tgz 5212ms (cache miss)
152 http fetch GET 200 https://registry.npmjs.org/vscode-json-languageservice/-/vscode-json-languageservice-4.1.8.tgz 9944ms (cache miss)
153 http fetch GET 200 https://registry.npmjs.org/request-light/-/request-light-0.5.8.tgz 12976ms (cache miss)
154 http fetch GET 200 https://registry.npmjs.org/yaml-language-server/-/yaml-language-server-1.19.1.tgz 42104ms (cache miss)
155 http fetch GET 200 https://registry.npmjs.org/yaml/-/yaml-2.7.1.tgz 199324ms (cache miss)
156 verbose stack Error: process terminated
156 verbose stack     at /home/phaedrus/.local/lib/node_modules/npm/node_modules/@npmcli/arborist/lib/arborist/reify.js:304:39
156 verbose stack     at process.<anonymous> (/home/phaedrus/.local/lib/node_modules/npm/node_modules/@npmcli/arborist/lib/signal-handling.js:53:5)
156 verbose stack     at process.emit (node:events:519:28)
157 error process terminated
158 error signal SIGTERM
159 silly unfinished npm timer reify 1759011321176
160 verbose cwd /home/phaedrus/.local/share/nvim/mason/staging/yaml-language-server
161 verbose os Linux 6.16.8-arch3-1
162 verbose node v22.19.0
163 verbose npm  v11.4.1
164 verbose exit 1
165 verbose code 1
166 error A complete log of this run can be found in: /home/phaedrus/.npm/_logs/2025-09-27T22_15_20_942Z-debug-0.log
