0 verbose cli /usr/bin/node /home/phaedrus/.local/bin/npm
1 info using npm@11.4.1
2 info using node@v22.19.0
3 silly config load:file:/home/phaedrus/.local/lib/node_modules/npm/npmrc
4 silly config load:file:/home/phaedrus/.local/share/nvim/mason/staging/write-good/.npmrc
5 silly config load:file:/home/phaedrus/.npmrc
6 silly config load:file:/etc/npmrc
7 verbose title npm install write-good@1.0.8
8 verbose argv "install" "write-good@1.0.8"
9 verbose logfile logs-max:10 dir:/home/phaedrus/.npm/_logs/2025-09-27T22_15_21_055Z-
10 verbose logfile /home/phaedrus/.npm/_logs/2025-09-27T22_15_21_055Z-debug-0.log
11 silly logfile start cleaning logs, removing 2 files
12 silly packumentCache heap:4345298944 maxSize:1086324736 maxEntrySize:543162368
13 silly logfile done cleaning log files
14 silly idealTree buildDeps
15 silly fetch manifest write-good@1.0.8
16 silly packumentCache full:https://registry.npmjs.org/write-good cache-miss
17 http fetch GET 200 https://registry.npmjs.org/write-good 1656ms (cache miss)
18 silly packumentCache full:https://registry.npmjs.org/write-good set size:undefined disposed:false
19 silly placeDep ROOT write-good@1.0.8 OK for: @mason/write-good@1.0.0 want: 1.0.8
20 silly fetch manifest adverb-where@^0.2.2
21 silly packumentCache full:https://registry.npmjs.org/adverb-where cache-miss
22 silly fetch manifest commander@^2.19.0
23 silly packumentCache full:https://registry.npmjs.org/commander cache-miss
24 silly fetch manifest e-prime@^0.10.4
25 silly packumentCache full:https://registry.npmjs.org/e-prime cache-miss
26 silly fetch manifest no-cliches@^0.3.0
27 silly packumentCache full:https://registry.npmjs.org/no-cliches cache-miss
28 silly fetch manifest passive-voice@^0.1.0
29 silly packumentCache full:https://registry.npmjs.org/passive-voice cache-miss
30 silly fetch manifest too-wordy@^0.3.1
31 silly packumentCache full:https://registry.npmjs.org/too-wordy cache-miss
32 silly fetch manifest weasel-words@^0.1.1
33 silly packumentCache full:https://registry.npmjs.org/weasel-words cache-miss
34 http fetch GET 200 https://registry.npmjs.org/too-wordy 1458ms (cache miss)
35 silly packumentCache full:https://registry.npmjs.org/too-wordy set size:undefined disposed:false
36 http fetch GET 200 https://registry.npmjs.org/adverb-where 1544ms (cache miss)
37 silly packumentCache full:https://registry.npmjs.org/adverb-where set size:undefined disposed:false
38 http fetch GET 200 https://registry.npmjs.org/weasel-words 2017ms (cache miss)
39 silly packumentCache full:https://registry.npmjs.org/weasel-words set size:undefined disposed:false
40 http fetch GET 200 https://registry.npmjs.org/commander 2095ms (cache revalidated)
41 silly packumentCache full:https://registry.npmjs.org/commander set size:342763 disposed:false
42 http fetch GET 200 https://registry.npmjs.org/no-cliches 2867ms (cache miss)
43 silly packumentCache full:https://registry.npmjs.org/no-cliches set size:undefined disposed:false
44 http fetch GET 200 https://registry.npmjs.org/e-prime 5703ms (cache miss)
45 silly packumentCache full:https://registry.npmjs.org/e-prime set size:undefined disposed:false
46 http fetch GET 200 https://registry.npmjs.org/passive-voice 5908ms (cache miss)
47 silly packumentCache full:https://registry.npmjs.org/passive-voice set size:undefined disposed:false
48 silly placeDep node_modules/write-good adverb-where@0.2.6 OK for: write-good@1.0.8 want: ^0.2.2
49 silly placeDep node_modules/write-good commander@2.20.3 OK for: write-good@1.0.8 want: ^2.19.0
50 silly placeDep node_modules/write-good e-prime@0.10.4 OK for: write-good@1.0.8 want: ^0.10.4
51 silly placeDep node_modules/write-good no-cliches@0.3.6 OK for: write-good@1.0.8 want: ^0.3.0
52 silly placeDep node_modules/write-good passive-voice@0.1.0 OK for: write-good@1.0.8 want: ^0.1.0
53 silly placeDep node_modules/write-good too-wordy@0.3.6 OK for: write-good@1.0.8 want: ^0.3.1
54 silly placeDep node_modules/write-good weasel-words@0.1.1 OK for: write-good@1.0.8 want: ^0.1.1
55 silly reify moves {}
56 silly audit bulk request {
56 silly audit   'write-good': [ '1.0.8' ],
56 silly audit   'adverb-where': [ '0.2.6' ],
56 silly audit   commander: [ '2.20.3' ],
56 silly audit   'e-prime': [ '0.10.4' ],
56 silly audit   'no-cliches': [ '0.3.6' ],
56 silly audit   'passive-voice': [ '0.1.0' ],
56 silly audit   'too-wordy': [ '0.3.6' ],
56 silly audit   'weasel-words': [ '0.1.1' ]
56 silly audit }
57 http cache write-good@https://registry.npmjs.org/write-good/-/write-good-1.0.8.tgz 0ms (cache hit)
58 http cache weasel-words@https://registry.npmjs.org/weasel-words/-/weasel-words-0.1.1.tgz 0ms (cache hit)
59 http cache no-cliches@https://registry.npmjs.org/no-cliches/-/no-cliches-0.3.6.tgz 0ms (cache hit)
60 http cache commander@https://registry.npmjs.org/commander/-/commander-2.20.3.tgz 0ms (cache hit)
61 http cache passive-voice@https://registry.npmjs.org/passive-voice/-/passive-voice-0.1.0.tgz 0ms (cache hit)
62 http cache adverb-where@https://registry.npmjs.org/adverb-where/-/adverb-where-0.2.6.tgz 0ms (cache hit)
63 http cache e-prime@https://registry.npmjs.org/e-prime/-/e-prime-0.10.4.tgz 0ms (cache hit)
64 http cache too-wordy@https://registry.npmjs.org/too-wordy/-/too-wordy-0.3.6.tgz 0ms (cache hit)
65 silly tarball no local data for write-good@https://registry.npmjs.org/write-good/-/write-good-1.0.8.tgz. Extracting by manifest.
66 silly tarball no local data for weasel-words@https://registry.npmjs.org/weasel-words/-/weasel-words-0.1.1.tgz. Extracting by manifest.
67 silly tarball no local data for no-cliches@https://registry.npmjs.org/no-cliches/-/no-cliches-0.3.6.tgz. Extracting by manifest.
68 silly tarball no local data for passive-voice@https://registry.npmjs.org/passive-voice/-/passive-voice-0.1.0.tgz. Extracting by manifest.
69 silly tarball no local data for adverb-where@https://registry.npmjs.org/adverb-where/-/adverb-where-0.2.6.tgz. Extracting by manifest.
70 silly tarball no local data for e-prime@https://registry.npmjs.org/e-prime/-/e-prime-0.10.4.tgz. Extracting by manifest.
71 silly tarball no local data for too-wordy@https://registry.npmjs.org/too-wordy/-/too-wordy-0.3.6.tgz. Extracting by manifest.
72 http fetch GET 200 https://registry.npmjs.org/e-prime/-/e-prime-0.10.4.tgz 549ms (cache miss)
73 http fetch POST 200 https://registry.npmjs.org/-/npm/v1/security/advisories/bulk 925ms
74 silly audit report {}
75 http fetch GET 200 https://registry.npmjs.org/weasel-words/-/weasel-words-0.1.1.tgz 954ms (cache miss)
76 http fetch GET 200 https://registry.npmjs.org/adverb-where/-/adverb-where-0.2.6.tgz 1071ms (cache miss)
77 http fetch GET 200 https://registry.npmjs.org/passive-voice/-/passive-voice-0.1.0.tgz 1247ms (cache miss)
78 http fetch GET 200 https://registry.npmjs.org/too-wordy/-/too-wordy-0.3.6.tgz 2148ms (cache miss)
79 http fetch GET 200 https://registry.npmjs.org/no-cliches/-/no-cliches-0.3.6.tgz 2256ms (cache miss)
80 http fetch GET 200 https://registry.npmjs.org/write-good/-/write-good-1.0.8.tgz 2436ms (cache miss)
81 silly ADD node_modules/write-good
82 silly ADD node_modules/write-good/node_modules/weasel-words
83 silly ADD node_modules/write-good/node_modules/too-wordy
84 silly ADD node_modules/write-good/node_modules/passive-voice
85 silly ADD node_modules/write-good/node_modules/no-cliches
86 silly ADD node_modules/write-good/node_modules/e-prime
87 silly ADD node_modules/write-good/node_modules/commander
88 silly ADD node_modules/write-good/node_modules/adverb-where
89 verbose cwd /home/phaedrus/.local/share/nvim/mason/staging/write-good
90 verbose os Linux 6.16.8-arch3-1
91 verbose node v22.19.0
92 verbose npm  v11.4.1
93 verbose exit 0
94 info ok
