0 verbose cli /usr/bin/node /home/phaedrus/.local/bin/npm
1 info using npm@11.4.1
2 info using node@v22.19.0
3 silly config load:file:/home/phaedrus/.local/lib/node_modules/npm/npmrc
4 silly config load:file:/home/phaedrus/.npmrc
5 silly config load:file:/etc/npmrc
6 verbose title npm init
7 verbose argv "init" "--yes" "--scope" "mason"
8 verbose logfile logs-max:10 dir:/home/phaedrus/.npm/_logs/2025-09-27T22_15_28_569Z-
9 verbose logfile /home/phaedrus/.npm/_logs/2025-09-27T22_15_28_569Z-debug-0.log
10 silly logfile start cleaning logs, removing 1 files
11 silly logfile done cleaning log files
12 silly package data {
12 silly package data   name: '@mason/wing',
12 silly package data   version: '1.0.0',
12 silly package data   description: '',
12 silly package data   main: 'index.js',
12 silly package data   scripts: { test: 'echo "Error: no test specified" && exit 1' },
12 silly package data   keywords: [],
12 silly package data   author: '',
12 silly package data   license: 'ISC',
12 silly package data   type: 'commonjs'
12 silly package data }
13 verbose cwd /home/phaedrus/.local/share/nvim/mason/staging/wing
14 verbose os Linux 6.16.8-arch3-1
15 verbose node v22.19.0
16 verbose npm  v11.4.1
17 verbose exit 0
18 info ok
